5 17 20 25 40 54 
7 0 42 61 99 127 169 192 
2 0 23 
11 20 48 65 102 122 158 191 231 248 283 320 
2 8 27 
11 0 38 48 68 72 102 122 132 142 146 167 
9 2 4 8 31 33 55 72 78 108 
13 11 41 60 70 93 120 131 141 167 188 205 231 260 
3 0 29 37 
10 6 24 76 106 134 152 187 237 265 283 
30 7 20 43 73 89 104 117 155 168 195 240 253 276 326 351 364 383 411 443 463 476 494 530 543 571 617 630 659 685 705 
30 13 45 63 82 112 148 166 207 235 255 282 303 337 355 391 420 446 466 489 523 541 574 609 653 671 704 732 752 770 804 
65 0 1 2 3 4 5 6 7 8 9 10 11 12 13 14 15 16 17 18 19 20 21 22 23 24 25 26 27 28 29 30 31 32 33 34 35 36 37 38 39 40 41 42 43 44 45 46 47 48 49 50 51 52 53 54 55 56 57 58 59 60 61 62 63 64 
0 
